Checking Connection for (DESCRIPTION=(ADDRESS_LIST=(LOAD_BALANCE=on)(FAILOVER=ON)(ADDRESS=(PROTOCOL=tcp)(HOST=dbcrmdbs60.wind.root.it)(PORT=1547))(ADDRESS=(PROTOCOL=tcp)(HOST=dbcrmdbs61.wind.root.it)(PORT=1547)))(CONNECT_DATA=(SERVICE_NAME=crmdC))) Database
Connected to:
Connected to (DESCRIPTION=(ADDRESS_LIST=(LOAD_BALANCE=on)(FAILOVER=ON)(ADDRESS=(PROTOCOL=tcp)(HOST=dbcrmdbs60.wind.root.it)(PORT=1547))(ADDRESS=(PROTOCOL=tcp)(HOST=dbcrmdbs61.wind.root.it)(PORT=1547)))(CONNECT_DATA=(SERVICE_NAME=crmdC))) Database
